Building for production...
Build complete! (0.18 sec)
bundled 20 libraries into /Users/adam/Developer/PowerEmu/build/smp/PowerEmu VM.app
/Users/adam/Developer/PowerEmu/build/Harmony Tile Refresh/PowerEmu.app/Contents/Helpers/PowerEmu VM.app/Contents/Frameworks/libgio-2.0.0.dylib: replacing existing signature
/Users/adam/Developer/PowerEmu/build/Harmony Tile Refresh/PowerEmu.app/Contents/Helpers/PowerEmu VM.app/Contents/Frameworks/libglib-2.0.0.dylib: replacing existing signature
/Users/adam/Developer/PowerEmu/build/Harmony Tile Refresh/PowerEmu.app/Contents/Helpers/PowerEmu VM.app/Contents/Frameworks/libgmodule-2.0.0.dylib: replacing existing signature
/Users/adam/Developer/PowerEmu/build/Harmony Tile Refresh/PowerEmu.app/Contents/Helpers/PowerEmu VM.app/Contents/Frameworks/libgmp.10.dylib: replacing existing signature
/Users/adam/Developer/PowerEmu/build/Harmony Tile Refresh/PowerEmu.app/Contents/Helpers/PowerEmu VM.app/Contents/Frameworks/libgnutls.30.dylib: replacing existing signature
/Users/adam/Developer/PowerEmu/build/Harmony Tile Refresh/PowerEmu.app/Contents/Helpers/PowerEmu VM.app/Contents/Frameworks/libgobject-2.0.0.dylib: replacing existing signature
/Users/adam/Developer/PowerEmu/build/Harmony Tile Refresh/PowerEmu.app/Contents/Helpers/PowerEmu VM.app/Contents/Frameworks/libhogweed.6.dylib: replacing existing signature
/Users/adam/Developer/PowerEmu/build/Harmony Tile Refresh/PowerEmu.app/Contents/Helpers/PowerEmu VM.app/Contents/Frameworks/libidn2.0.dylib: replacing existing signature
/Users/adam/Developer/PowerEmu/build/Harmony Tile Refresh/PowerEmu.app/Contents/Helpers/PowerEmu VM.app/Contents/Frameworks/libintl.8.dylib: replacing existing signature
/Users/adam/Developer/PowerEmu/build/Harmony Tile Refresh/PowerEmu.app/Contents/Helpers/PowerEmu VM.app/Contents/Frameworks/libjpeg.8.dylib: replacing existing signature
/Users/adam/Developer/PowerEmu/build/Harmony Tile Refresh/PowerEmu.app/Contents/Helpers/PowerEmu VM.app/Contents/Frameworks/libnettle.8.dylib: replacing existing signature
/Users/adam/Developer/PowerEmu/build/Harmony Tile Refresh/PowerEmu.app/Contents/Helpers/PowerEmu VM.app/Contents/Frameworks/libp11-kit.0.dylib: replacing existing signature
/Users/adam/Developer/PowerEmu/build/Harmony Tile Refresh/PowerEmu.app/Contents/Helpers/PowerEmu VM.app/Contents/Frameworks/libpcre2-8.0.dylib: replacing existing signature
/Users/adam/Developer/PowerEmu/build/Harmony Tile Refresh/PowerEmu.app/Contents/Helpers/PowerEmu VM.app/Contents/Frameworks/libpixman-1.0.dylib: replacing existing signature
/Users/adam/Developer/PowerEmu/build/Harmony Tile Refresh/PowerEmu.app/Contents/Helpers/PowerEmu VM.app/Contents/Frameworks/libpng16.16.dylib: replacing existing signature
/Users/adam/Developer/PowerEmu/build/Harmony Tile Refresh/PowerEmu.app/Contents/Helpers/PowerEmu VM.app/Contents/Frameworks/libslirp.0.dylib: replacing existing signature
/Users/adam/Developer/PowerEmu/build/Harmony Tile Refresh/PowerEmu.app/Contents/Helpers/PowerEmu VM.app/Contents/Frameworks/libtasn1.6.dylib: replacing existing signature
/Users/adam/Developer/PowerEmu/build/Harmony Tile Refresh/PowerEmu.app/Contents/Helpers/PowerEmu VM.app/Contents/Frameworks/libunistring.5.dylib: replacing existing signature
/Users/adam/Developer/PowerEmu/build/Harmony Tile Refresh/PowerEmu.app/Contents/Helpers/PowerEmu VM.app/Contents/Frameworks/libusb-1.0.0.dylib: replacing existing signature
/Users/adam/Developer/PowerEmu/build/Harmony Tile Refresh/PowerEmu.app/Contents/Helpers/PowerEmu VM.app/Contents/Frameworks/libzstd.1.dylib: replacing existing signature
/Users/adam/Developer/PowerEmu/build/Harmony Tile Refresh/PowerEmu.app/Contents/Helpers/PowerEmu VM.app/Contents/MacOS/qemu-img: replacing existing signature
/Users/adam/Developer/PowerEmu/build/Harmony Tile Refresh/PowerEmu.app/Contents/Helpers/PowerEmu VM.app/Contents/MacOS/qemu-system-ppc: replacing existing signature
/Users/adam/Developer/PowerEmu/build/Harmony Tile Refresh/PowerEmu.app/Contents/Helpers/PowerEmu VM.app: replacing existing signature
/Users/adam/Developer/PowerEmu/build/Harmony Tile Refresh/PowerEmu.app/Contents/Helpers/poweremu-netd: replacing existing signature
/Users/adam/Developer/PowerEmu/build/Harmony Tile Refresh/PowerEmu.app/Contents/MacOS/PowerEmu: replacing existing signature
/Users/adam/Developer/PowerEmu/build/Harmony Tile Refresh/PowerEmu.app: replacing existing signature
signed: Developer ID Application: Adam Cipoletti (7B2D3VV69V)
built /Users/adam/Developer/PowerEmu/build/Harmony Tile Refresh/PowerEmu.app ( 43M)
