ninja: Entering directory `build-smp'
[1/6] Generating qemu-version.h with a custom command (wrapped by meson to capture output)
[2/3] Compiling C object libcommon.a.p/hw_display_ppc_mac_gpu.c.o
../hw/display/ppc_mac_gpu.c:6580:20: warning: unused variable 'unique_targets' [-Wunused-variable]
 6580 |         static int unique_targets = 0;
      |                    ^~~~~~~~~~~~~~
../hw/display/ppc_mac_gpu.c:8669:42: warning: format specifies type 'unsigned int' but the argument has type 'uint64_t' (aka 'unsigned long long') [-Wformat]
 8666 |                 qemu_log("[QE_GATE_READ] reg=0x%04x value=0x%08x "
      |                                                             ~~~~
      |                                                             %08llx
 8667 |                          "context=idle_poll sequence_id=%d "
 8668 |                          "note=RBBM_STATUS_always_idle\n",
 8669 |                          (uint32_t)addr, val, rbbm_read_count);
      |                                          ^~~
../hw/display/ppc_mac_gpu.c:9048:38: warning: format specifies type 'unsigned int' but the argument has type 'uint64_t' (aka 'unsigned long long') [-Wformat]
 9047 |                 fprintf(stderr, "ppc-mac-gpu fence: guest reads reg%d = %u\n",
      |                                                                         ~~
      |                                                                         %llu
 9048 |                         scratch_idx, val);
      |                                      ^~~
../hw/display/ppc_mac_gpu.c:9066:42: warning: format specifies type 'unsigned int' but the argument has type 'uint64_t' (aka 'unsigned long long') [-Wformat]
 9063 |                 qemu_log("[QE_GATE_READ] reg=0x%04x value=0x%08x "
      |                                                             ~~~~
      |                                                             %08llx
 9064 |                          "context=scratch_poll sequence_id=%d "
 9065 |                          "note=SCRATCH_REG%d_fence_check\n",
 9066 |                          (uint32_t)addr, val, scratch_read_count,
      |                                          ^~~
../hw/display/ppc_mac_gpu.c:9430:22: warning: unused variable 'a' [-Wunused-variable]
 9430 |             uint32_t a = s->regs.tcl_vec_addr & 0x7ff;
      |                      ^
../hw/display/ppc_mac_gpu.c:11269:22: warning: initializing 'InterfaceInfo *' (aka 'struct InterfaceInfo *') with an expression of type 'const InterfaceInfo[2]' (aka 'const struct InterfaceInfo[2]') discards qualifiers [-Wincompatible-pointer-types-discards-qualifiers]
 11269 |     .interfaces    = (const InterfaceInfo[]) {
       |                      ^~~~~~~~~~~~~~~~~~~~~~~~~
 11270 |         { INTERFACE_CONVENTIONAL_PCI_DEVICE },
       |         ~~~~~~~~~~~~~~~~~~~~~~~~~~~~~~~~~~~~~~
 11271 |         { },
       |         ~~~~
 11272 |     },
       |     ~
../hw/display/ppc_mac_gpu.c:2517:13: warning: unused function 'ppc_mac_gpu_scratch_writeback' [-Wunused-function]
 2517 | static void ppc_mac_gpu_scratch_writeback(PPCMacGPUState *s, int reg_idx)
      |             ^~~~~~~~~~~~~~~~~~~~~~~~~~~~~
../hw/display/ppc_mac_gpu.c:3345:13: warning: unused function 'mc_unregister_tiled_surface' [-Wunused-function]
 3345 | static void mc_unregister_tiled_surface(PPCMacGPUState *s, uint32_t base)
      |             ^~~~~~~~~~~~~~~~~~~~~~~~~~~
../hw/display/ppc_mac_gpu.c:10363:30: warning: unused variable 'ppc_mac_gpu_rom_ops' [-Wunused-const-variable]
 10363 | static const MemoryRegionOps ppc_mac_gpu_rom_ops = {
       |                              ^~~~~~~~~~~~~~~~~~~
../hw/display/ppc_mac_gpu.c:10445:30: warning: unused variable 'ppc_mac_gpu_vram_bswap_ops' [-Wunused-const-variable]
 10445 | static const MemoryRegionOps ppc_mac_gpu_vram_bswap_ops = {
       |                              ^~~~~~~~~~~~~~~~~~~~~~~~~~
10 warnings generated.
[3/3] Linking target qemu-system-ppc64-unsigned
