Started 64 PID 64207
Started 128 PID 64208
Started 256 PID 64209
64 {'ssh': True, 'finder': True, 'elapsed': 27} 2026-09-29 02:25:09.972 sw_vers[97:10b] _CFGetHostUUIDString: unable to determine UUID for host. Error: 35
ProductName:	Mac OS X
ProductVersion:	10.5.8
BuildVersion:	9L31a
   31 ??         0:01.92 /System/Library/CoreServices/loginwindow.app/Contents/MacOS/loginwindow console
   52 ??         0:03.61 /System/Library/Frameworks/ApplicationServices.framework/Frameworks/CoreGraphics.framework/Resources/WindowServer -daemon
   85 ??         0:01.84 /System/Library/CoreServices/Finder.app/Contents/MacOS/Finder -psn_0_36873
2026-09-29 02:25:11.048 system_profiler[104:10b] _CFGetHostUUIDString: unable to determine UUID for host. Error: 35
Graphics/Displays:

    QEMU VGA:

      Chipset Model: QEMU VGA
      Type: Display
      Bus: AGP
      VRAM (Total): 64 MB
      Vendor: ATI (0x1002)
      Device ID: 0x5960
      Revision ID: 0x0001
      Displays:
        Display:
          Resolution: 1680 x 1050
          Depth: 32-Bit Color
          Core Image: Software
          Main Display: Yes
          Mirror: Off
          Online: Yes
          Quartz Extreme: Supported


128 {'ssh': True, 'finder': True, 'elapsed': 28} 2026-09-29 02:25:12.741 sw_vers[105:10b] _CFGetHostUUIDString: unable to determine UUID for host. Error: 35
ProductName:	Mac OS X
ProductVersion:	10.5.8
BuildVersion:	9L31a
   31 ??         0:01.89 /System/Library/CoreServices/loginwindow.app/Contents/MacOS/loginwindow console
   53 ??         0:03.84 /System/Library/Frameworks/ApplicationServices.framework/Frameworks/CoreGraphics.framework/Resources/WindowServer -daemon
   87 ??         0:02.17 /System/Library/CoreServices/Finder.app/Contents/MacOS/Finder -psn_0_36873
2026-09-29 02:25:12.922 system_profiler[108:10b] _CFGetHostUUIDString: unable to determine UUID for host. Error: 35
Graphics/Displays:

    QEMU VGA:

      Chipset Model: QEMU VGA
      Type: Display
      Bus: AGP
      VRAM (Total): 128 MB
      Vendor: ATI (0x1002)
      Device ID: 0x5960
      Revision ID: 0x0001
      Displays:
        Display:
          Resolution: 1680 x 1050
          Depth: 32-Bit Color
          Core Image: Software
          Main Display: Yes
          Mirror: Off
          Online: Yes
          Quartz Extreme: Supported


256 {'ssh': True, 'finder': True, 'elapsed': 29} 2026-09-29 02:25:12.618 sw_vers[107:10b] _CFGetHostUUIDString: unable to determine UUID for host. Error: 35
ProductName:	Mac OS X
ProductVersion:	10.5.8
BuildVersion:	9L31a
   31 ??         0:01.94 /System/Library/CoreServices/loginwindow.app/Contents/MacOS/loginwindow console
   53 ??         0:04.76 /System/Library/Frameworks/ApplicationServices.framework/Frameworks/CoreGraphics.framework/Resources/WindowServer -daemon
   88 ??         0:02.18 /System/Library/CoreServices/Finder.app/Contents/MacOS/Finder -psn_0_36873
2026-09-29 02:25:12.779 system_profiler[110:10b] _CFGetHostUUIDString: unable to determine UUID for host. Error: 35
Graphics/Displays:

    QEMU VGA:

      Chipset Model: QEMU VGA
      Type: Display
      Bus: AGP
      VRAM (Total): 256 MB
      Vendor: ATI (0x1002)
      Device ID: 0x5960
      Revision ID: 0x0001
      Displays:
        Display:
          Resolution: 1680 x 1050
          Depth: 32-Bit Color
          Core Image: Software
          Main Display: Yes
          Mirror: Off
          Online: Yes
          Quartz Extreme: Supported


{
  "64": {
    "ssh": true,
    "finder": true,
    "elapsed": 27,
    "status": {
      "return": {
        "status": "running",
        "running": true
      }
    }
  },
  "128": {
    "ssh": true,
    "finder": true,
    "elapsed": 28,
    "status": {
      "return": {
        "status": "running",
        "running": true
      }
    }
  },
  "256": {
    "ssh": true,
    "finder": true,
    "elapsed": 29,
    "status": {
      "return": {
        "status": "running",
        "running": true
      }
    }
  }
}
