2026-09-28 20:27:14.181 probe[1769] AX enabled=1 windowsError=0 windows=(<NSCFType: 0x3177e0>)
2026-09-28 20:27:14.194 probe[1769] depth=0 role=AXWindow rect=100,426 640x462 modal=0 attrs=(
    AXRole, 
    AXRoleDescription, 
    AXSubrole, 
    AXTitle, 
    AXFocused, 
    AXParent, 
    AXChildren, 
    AXPosition, 
    AXSize, 
    AXMain, 
    AXMinimized, 
    AXCloseButton, 
    AXZoomButton, 
    AXMinimizeButton, 
    AXToolbarButton, 
    AXProxy, 
    AXTitleUIElement, 
    AXGrowArea, 
    AXDefaultButton, 
    AXCancelButton, 
    AXDocument, 
    AXModal
)
2026-09-28 20:27:14.218 probe[1769] depth=1 role=AXButton rect=108,430 14x16 modal=(null) attrs=(
    AXRole, 
    AXRoleDescription, 
    AXHelp, 
    AXEnabled, 
    AXFocused, 
    AXParent, 
    AXWindow, 
    AXTopLevelUIElement, 
    AXPosition, 
    AXSize, 
    AXTitle, 
    AXSubrole, 
    AXEdited
)
2026-09-28 20:27:14.226 probe[1769] depth=1 role=AXButton rect=150,430 14x16 modal=(null) attrs=(
    AXRole, 
    AXRoleDescription, 
    AXHelp, 
    AXEnabled, 
    AXFocused, 
    AXParent, 
    AXWindow, 
    AXTopLevelUIElement, 
    AXPosition, 
    AXSize, 
    AXTitle, 
    AXSubrole
)
2026-09-28 20:27:14.233 probe[1769] depth=1 role=AXButton rect=129,430 14x16 modal=(null) attrs=(
    AXRole, 
    AXRoleDescription, 
    AXHelp, 
    AXEnabled, 
    AXFocused, 
    AXParent, 
    AXWindow, 
    AXTopLevelUIElement, 
    AXPosition, 
    AXSize, 
    AXTitle, 
    AXSubrole
)
2026-09-28 20:27:14.251 probe[1769] depth=1 role=AXStaticText rect=316,428 206.7x17 modal=(null) attrs=(
    AXRole, 
    AXRoleDescription, 
    AXHelp, 
    AXValue, 
    AXEnabled, 
    AXFocused, 
    AXParent, 
    AXWindow, 
    AXTopLevelUIElement, 
    AXPosition, 
    AXSize, 
    AXChildren, 
    AXSelectedText, 
    AXSelectedTextRange, 
    AXNumberOfCharacters, 
    AXVisibleCharacterRange, 
    AXInsertionPointLineNumber
)
2026-09-28 20:27:14.264 probe[1769] depth=1 role=AXSheet rect=208,448 424x140 modal=(null) attrs=(
    AXRole, 
    AXRoleDescription, 
    AXFocused, 
    AXParent, 
    AXChildren, 
    AXWindow, 
    AXPosition, 
    AXSize, 
    AXGrowArea, 
    AXDefaultButton, 
    AXCancelButton
)
2026-09-28 20:27:14.281 probe[1769] depth=2 role=AXButton rect=533,550 82x32 modal=(null) attrs=(
    AXRole, 
    AXRoleDescription, 
    AXHelp, 
    AXEnabled, 
    AXFocused, 
    AXParent, 
    AXWindow, 
    AXTopLevelUIElement, 
    AXPosition, 
    AXSize, 
    AXTitle
)
2026-09-28 20:27:14.289 probe[1769] depth=2 role=AXButton rect=449,550 82x32 modal=(null) attrs=(
    AXRole, 
    AXRoleDescription, 
    AXHelp, 
    AXEnabled, 
    AXFocused, 
    AXParent, 
    AXWindow, 
    AXTopLevelUIElement, 
    AXPosition, 
    AXSize, 
    AXTitle
)
2026-09-28 20:27:14.297 probe[1769] depth=2 role=AXTextField rect=295,471 250x22 modal=(null) attrs=(
    AXRole, 
    AXRoleDescription, 
    AXHelp, 
    AXValue, 
    AXEnabled, 
    AXFocused, 
    AXParent, 
    AXWindow, 
    AXTopLevelUIElement, 
    AXPosition, 
    AXSize, 
    AXChildren, 
    AXSelectedText, 
    AXSelectedTextRange, 
    AXNumberOfCharacters, 
    AXVisibleCharacterRange, 
    AXInsertionPointLineNumber
)
2026-09-28 20:27:14.306 probe[1769] depth=2 role=AXButton rect=550,469 29x28 modal=(null) attrs=(
    AXRoleDescription, 
    AXParent, 
    AXWindow, 
    AXEnabled, 
    AXHelp, 
    AXRole, 
    AXPosition, 
    AXSize, 
    AXTitle, 
    AXFocused, 
    AXDescription, 
    AXTopLevelUIElement
)
2026-09-28 20:27:14.313 probe[1769] depth=2 role=AXStaticText rect=205,474 87x17 modal=(null) attrs=(
    AXRole, 
    AXRoleDescription, 
    AXHelp, 
    AXValue, 
    AXEnabled, 
    AXFocused, 
    AXParent, 
    AXWindow, 
    AXTopLevelUIElement, 
    AXPosition, 
    AXSize, 
    AXChildren, 
    AXSelectedText, 
    AXSelectedTextRange, 
    AXNumberOfCharacters, 
    AXVisibleCharacterRange, 
    AXInsertionPointLineNumber
)
2026-09-28 20:27:14.320 probe[1769] depth=2 role=AXStaticText rect=205,506 87x17 modal=(null) attrs=(
    AXRole, 
    AXRoleDescription, 
    AXHelp, 
    AXValue, 
    AXEnabled, 
    AXFocused, 
    AXParent, 
    AXWindow, 
    AXTopLevelUIElement, 
    AXPosition, 
    AXSize, 
    AXChildren, 
    AXSelectedText, 
    AXSelectedTextRange, 
    AXNumberOfCharacters, 
    AXVisibleCharacterRange, 
    AXInsertionPointLineNumber
)
2026-09-28 20:27:14.332 probe[1769] depth=2 role=AXPopUpButton rect=292,503 256x26 modal=(null) attrs=(
    AXRole, 
    AXRoleDescription, 
    AXHelp, 
    AXEnabled, 
    AXFocused, 
    AXParent, 
    AXWindow, 
    AXTopLevelUIElement, 
    AXPosition, 
    AXSize, 
    AXValue, 
    AXChildren
)
2026-09-28 20:27:14.622 probe[1769] SHEETS=324,323;
CGS 324 level=0 208,448 424x140
CGS 323 level=0 100,426 640x462
CGS 320 level=0 60,86 785x443
CGS 210 level=0 400,278 785x443
CGS 209 level=0 20,46 785x443
CGS 208 level=0 0,26 785x443
CGS 205 level=0 532,131 615x407
CGS 206 level=0 0,22 532x386
CGS 207 level=0 291,214 785x443
CGS 81 level=0 201,69 475x442
