PETOOLS Optional(PowerEmu.GuestTools.State.upToDate("2.16"))
PETOOLS Optional(PowerEmu.GuestTools.State.upToDate("2.16"))
PECMD harmony on
PEAGENT harmony on
PEDOCK apps= tiles=0
PEDOCK apps=Finder tiles=0
PEDOCK built Finder at /Users/adam/Library/Caches/PowerEmu/GuestApps/Finder.app
PEDOCK icon for 202: 14507 bytes
PEDOCK starting Finder
PEDOCK keep: Finder[icon=1,run=1]
PEDOCK apps=Finder tiles=1
PEDOCK apps=Finder tiles=1
PEDOCK keep: Finder[icon=1,run=1]
PEDOCK apps=Finder tiles=1
PEDOCK apps=Finder tiles=1
PEDOCK apps=Finder tiles=1
PEDOCK keep: Finder[icon=1,run=1]
PEDOCK apps=Finder tiles=1
PEDOCK apps=Finder tiles=1
PEDOCK keep: Finder[icon=1,run=1]
PEDOCK apps=Finder tiles=1
PEDOCK apps=Finder tiles=1
PEDOCK keep: Finder[icon=1,run=1]
PEDOCK apps=Finder tiles=1
PEDOCK apps=Finder tiles=1
PEDOCK apps=Finder tiles=1
PEDOCK keep: Finder[icon=1,run=1]
PEDOCK apps=Finder tiles=1
PEWIN count=0 harmony=true
PEPROXY source=complete captureCount=0 pending=0 
PEDOCK apps=Finder tiles=1
PEDOCK keep: Finder[icon=1,run=1]
PEDOCK apps=Finder tiles=1
PEDOCK apps=Finder tiles=1
PEDOCK apps=Finder tiles=1
PEDOCK keep: Finder[icon=1,run=1]
PEDOCK apps=Finder tiles=1
PEDOCK apps=Finder tiles=1
PEDOCK keep: Finder[icon=1,run=1]
PEDOCK apps=Finder tiles=1
PEDOCK apps=Finder tiles=1
PEDOCK keep: Finder[icon=1,run=1]
PEDOCK apps=Finder tiles=1
PEDOCK apps=Finder tiles=1
PEDOCK apps=Finder tiles=1
PEDOCK keep: Finder[icon=1,run=1]
PEDOCK apps=Finder tiles=1
PEDOCK apps=Finder tiles=1
PEDOCK keep: Finder[icon=1,run=1]
PEDOCK apps=Finder tiles=1
PEDOCK apps=Finder tiles=1
PEDOCK apps=Finder tiles=1
PEDOCK keep: Finder[icon=1,run=1]
PEDOCK apps=Finder tiles=1
PEDOCK apps=Finder tiles=1
PEDOCK keep: Finder[icon=1,run=1]
PEDOCK apps=Finder tiles=1
PEDOCK apps=Finder tiles=1
PEDOCK keep: Finder[icon=1,run=1]
PEDOCK apps=Finder tiles=1
PEDOCK apps=Finder tiles=1
PEDOCK apps=Finder tiles=1
PEDOCK keep: Finder[icon=1,run=1]
PEDOCK apps=Finder tiles=1
PEDOCK apps=Finder tiles=1
PEDOCK keep: Finder[icon=1,run=1]
PEDOCK apps=Finder tiles=1
PEDOCK apps=Finder tiles=1
PEDOCK apps=Finder tiles=1
PEDOCK keep: Finder[icon=1,run=1]
PEDOCK apps=Finder tiles=1
PEDOCK apps=Finder tiles=1
PEDOCK keep: Finder[icon=1,run=1]
PEAGENT harmony on
PEDOCK apps=Finder tiles=1
PEDOCK apps=Finder tiles=1
PEDOCK keep: Finder[icon=1,run=1]
PEDOCK apps=Finder tiles=1
PEDOCK apps=Finder tiles=1
PEDOCK apps=Finder tiles=1
PEDOCK keep: Finder[icon=1,run=1]
PEDOCK apps=Finder tiles=1
PEDOCK apps=Finder tiles=1
PEDOCK keep: Finder[icon=1,run=1]
PEDOCK apps=Finder tiles=1
PEDOCK apps=Finder tiles=1
PEDOCK keep: Finder[icon=1,run=1]
PEDOCK apps=Finder tiles=1
PEDOCK apps=Finder tiles=1
PEDOCK apps=Finder tiles=1
PEDOCK keep: Finder[icon=1,run=1]
PEDOCK apps=Finder tiles=1
PECMD harmony on
PEDOCK apps=Finder tiles=1
PEDOCK keep: Finder[icon=1,run=1]
PEDOCK apps=Finder tiles=1
PEDOCK apps=Finder tiles=1
PEDOCK keep: Finder[icon=1,run=1]
PEDOCK apps=Finder tiles=1
PEDOCK apps=Finder tiles=1
PEDOCK apps=Finder tiles=1
PEDOCK keep: Finder[icon=1,run=1]
PEDOCK apps=Finder tiles=1
PEDOCK apps=Finder tiles=1
PEDOCK keep: Finder[icon=1,run=1]
PEDOCK apps=Finder tiles=1
PEWIN count=1 harmony=true
PEWIN id=43 guest=(137,74,750,436) host=(137,682,750,436) vis=(137,74,750,436) covers=0 liveparts=1 visible=100% focus=0 fresh=5 clean=0
PEPROXY source=complete captureCount=5 pending=43 43:frame=(137,682,750,436),vis=1,a=1.00,contents=1,lvl=0
PETOOLS Optional(PowerEmu.GuestTools.State.upToDate("2.16"))
PEDOCK apps=Finder tiles=1
PEDOCK apps=Finder tiles=1
PEDOCK keep: Finder[icon=1,run=1]
PEDOCK apps=Finder tiles=1
PEDOCK apps=Finder tiles=1
PEDOCK keep: Finder[icon=1,run=1]
PEDOCK apps=Finder tiles=1
PEDOCK apps=Finder tiles=1
PEDOCK keep: Finder[icon=1,run=1]
PEDOCK apps=Finder tiles=1
PEDOCK apps=Finder tiles=1
PEDOCK apps=Finder tiles=1
PEDOCK keep: Finder[icon=1,run=1]
PEDOCK apps=Finder tiles=1
PEDOCK apps=Finder tiles=1
PEDOCK keep: Finder[icon=1,run=1]
PEDOCK apps=Finder tiles=1
PEDOCK apps=Finder tiles=1
PEDOCK keep: Finder[icon=1,run=1]
PEDOCK apps=Finder tiles=1
