2026-09-29 00:09:08.929 pesheetprobe[553:20b] AX enabled=1 windowsError=0 windows=(
    <NSCFType: 0x11c350>
)
2026-09-29 00:09:08.934 pesheetprobe[553:20b] depth=0 role=AXWindow rect=100,388 640x462 modal=0 attrs=(
    AXRole,
    AXRoleDescription,
    AXSubrole,
    AXTitle,
    AXFocused,
    AXParent,
    AXChildren,
    AXPosition,
    AXSize,
    AXMain,
    AXMinimized,
    AXCloseButton,
    AXZoomButton,
    AXMinimizeButton,
    AXToolbarButton,
    AXProxy,
    AXTitleUIElement,
    AXGrowArea,
    AXDefaultButton,
    AXCancelButton,
    AXDocument,
    AXModal
)
2026-09-29 00:09:08.939 pesheetprobe[553:20b] depth=1 role=AXButton rect=108,392 14x16 modal=(null) attrs=(
    AXRole,
    AXRoleDescription,
    AXHelp,
    AXEnabled,
    AXFocused,
    AXParent,
    AXWindow,
    AXTopLevelUIElement,
    AXPosition,
    AXSize,
    AXTitle,
    AXSubrole,
    AXEdited
)
2026-09-29 00:09:08.943 pesheetprobe[553:20b] depth=1 role=AXButton rect=150,392 14x16 modal=(null) attrs=(
    AXRole,
    AXRoleDescription,
    AXHelp,
    AXEnabled,
    AXFocused,
    AXParent,
    AXWindow,
    AXTopLevelUIElement,
    AXPosition,
    AXSize,
    AXTitle,
    AXSubrole
)
2026-09-29 00:09:08.947 pesheetprobe[553:20b] depth=1 role=AXButton rect=129,392 14x16 modal=(null) attrs=(
    AXRole,
    AXRoleDescription,
    AXHelp,
    AXEnabled,
    AXFocused,
    AXParent,
    AXWindow,
    AXTopLevelUIElement,
    AXPosition,
    AXSize,
    AXTitle,
    AXSubrole
)
2026-09-29 00:09:08.957 pesheetprobe[553:20b] depth=1 role=AXStaticText rect=316,390 206.7x17 modal=(null) attrs=(
    AXRole,
    AXRoleDescription,
    AXHelp,
    AXValue,
    AXEnabled,
    AXFocused,
    AXParent,
    AXWindow,
    AXTopLevelUIElement,
    AXPosition,
    AXSize,
    AXChildren,
    AXSelectedText,
    AXSelectedTextRange,
    AXNumberOfCharacters,
    AXVisibleCharacterRange,
    AXInsertionPointLineNumber
)
2026-09-29 00:09:08.961 pesheetprobe[553:20b] depth=1 role=AXSheet rect=208,410 424x140 modal=(null) attrs=(
    AXRole,
    AXRoleDescription,
    AXFocused,
    AXParent,
    AXChildren,
    AXWindow,
    AXPosition,
    AXSize,
    AXGrowArea,
    AXDefaultButton,
    AXCancelButton,
    AXDescription
)
2026-09-29 00:09:08.966 pesheetprobe[553:20b] depth=2 role=AXButton rect=533,512 82x32 modal=(null) attrs=(
    AXRole,
    AXRoleDescription,
    AXHelp,
    AXEnabled,
    AXFocused,
    AXParent,
    AXWindow,
    AXTopLevelUIElement,
    AXPosition,
    AXSize,
    AXTitle
)
2026-09-29 00:09:08.970 pesheetprobe[553:20b] depth=2 role=AXButton rect=449,512 82x32 modal=(null) attrs=(
    AXRole,
    AXRoleDescription,
    AXHelp,
    AXEnabled,
    AXFocused,
    AXParent,
    AXWindow,
    AXTopLevelUIElement,
    AXPosition,
    AXSize,
    AXTitle
)
2026-09-29 00:09:08.973 pesheetprobe[553:20b] depth=2 role=AXTextField rect=295,433 250x22 modal=(null) attrs=(
    AXRole,
    AXRoleDescription,
    AXHelp,
    AXValue,
    AXEnabled,
    AXFocused,
    AXParent,
    AXWindow,
    AXTopLevelUIElement,
    AXPosition,
    AXSize,
    AXChildren,
    AXSelectedText,
    AXSelectedTextRange,
    AXNumberOfCharacters,
    AXVisibleCharacterRange,
    AXInsertionPointLineNumber
)
2026-09-29 00:09:08.977 pesheetprobe[553:20b] depth=2 role=AXCheckBox rect=550,431 29x28 modal=(null) attrs=(
    AXHelp,
    AXRoleDescription,
    AXDescription,
    AXPosition,
    AXFocused,
    AXTopLevelUIElement,
    AXEnabled,
    AXSize,
    AXValue,
    AXRole,
    AXWindow,
    AXParent,
    AXTitle
)
2026-09-29 00:09:08.981 pesheetprobe[553:20b] depth=2 role=AXStaticText rect=205,436 87x17 modal=(null) attrs=(
    AXRole,
    AXRoleDescription,
    AXHelp,
    AXValue,
    AXEnabled,
    AXFocused,
    AXParent,
    AXWindow,
    AXTopLevelUIElement,
    AXPosition,
    AXSize,
    AXChildren,
    AXSelectedText,
    AXSelectedTextRange,
    AXNumberOfCharacters,
    AXVisibleCharacterRange,
    AXInsertionPointLineNumber
)
2026-09-29 00:09:08.985 pesheetprobe[553:20b] depth=2 role=AXStaticText rect=205,468 87x17 modal=(null) attrs=(
    AXRole,
    AXRoleDescription,
    AXHelp,
    AXValue,
    AXEnabled,
    AXFocused,
    AXParent,
    AXWindow,
    AXTopLevelUIElement,
    AXPosition,
    AXSize,
    AXChildren,
    AXSelectedText,
    AXSelectedTextRange,
    AXNumberOfCharacters,
    AXVisibleCharacterRange,
    AXInsertionPointLineNumber
)
2026-09-29 00:09:08.992 pesheetprobe[553:20b] depth=2 role=AXPopUpButton rect=292,465 256x26 modal=(null) attrs=(
    AXRole,
    AXRoleDescription,
    AXHelp,
    AXEnabled,
    AXFocused,
    AXParent,
    AXWindow,
    AXTopLevelUIElement,
    AXPosition,
    AXSize,
    AXValue,
    AXChildren
)
2026-09-29 00:09:09.031 pesheetprobe[553:20b] SHEETS=72,70;
CGS 76 level=0 202,410 437x10
CGS 72 level=0 208,410 424x140
CGS 70 level=0 100,388 640x462
CGS 58 level=0 506,331 668x597
