R350_PROBE read reg=0x0f02 value=0x00004e48 count=1
R350_PROBE read reg=0x0f0a value=0x00000300 count=1
R350_PROBE write reg=0x4018 value=0x00000017 count=1
R350_PROBE write reg=0x429c value=0x00000400 count=1
R350_PROBE read reg=0x0e40 value=0x00000040 count=1
R350_PROBE write reg=0x4018 value=0x00000017 count=2
R350_PROBE read reg=0x0e40 value=0x00000040 count=2
R350_PROBE read reg=0x1720 value=0x00000000 count=1
R350_PROBE read reg=0x0e40 value=0x00000040 count=3
R350_PROBE read reg=0x1720 value=0x00000000 count=2
R350_PROBE read reg=0x0e40 value=0x00000040 count=4
R350_PROBE read reg=0x1720 value=0x00000000 count=3
R350_PROBE read reg=0x0e40 value=0x00000040 count=5
R350_PROBE read reg=0x1720 value=0x00000000 count=4
R350_PROBE read reg=0x0e40 value=0x00000040 count=6
R350_PROBE read reg=0x1720 value=0x00000000 count=5
R350_PROBE read reg=0x0e40 value=0x00000040 count=7
R350_PROBE read reg=0x1720 value=0x00000000 count=6
R350_PROBE read reg=0x0e40 value=0x00000040 count=8
R350_PROBE read reg=0x1720 value=0x00000000 count=7
R350_PROBE read reg=0x1720 value=0x00000000 count=8
R350_PROBE read reg=0x0e40 value=0x00000040 count=16
R350_PROBE read reg=0x1720 value=0x00000000 count=16
R350_PROBE read reg=0x0e40 value=0x00000040 count=32
R350_PROBE read reg=0x1720 value=0x00000000 count=32
R350_PROBE read reg=0x0e40 value=0x00000040 count=64
R350_PROBE read reg=0x1720 value=0x00000000 count=64
R350_PROBE read reg=0x0e40 value=0x00000040 count=128
R350_PROBE read reg=0x1720 value=0x00000000 count=128
R350_PROBE read reg=0x0e40 value=0x00000040 count=256
R350_PROBE read reg=0x1720 value=0x00000000 count=256
R350_PROBE read reg=0x0e40 value=0x00000040 count=512
R350_PROBE read reg=0x1720 value=0x00000000 count=512
R350_PROBE write reg=0x4e4c value=0x00000010 count=1
R350_PROBE read reg=0x0e40 value=0x00000040 count=1024
R350_PROBE read reg=0x1720 value=0x00000000 count=1024
R350_PROBE write reg=0x0770 value=0x00000000 count=1
R350_PROBE read reg=0x0704 value=0x00000000 count=1
R350_PROBE write reg=0x0704 value=0x08000000 count=1
R350_PROBE write reg=0x0744 value=0x00000000 count=1
R350_PROBE read reg=0x0744 value=0x00000000 count=1
R350_PROBE read reg=0x0704 value=0x08000000 count=2
R350_PROBE write reg=0x0704 value=0x88000000 count=2
R350_PROBE write reg=0x071c value=0x00000000 count=1
R350_PROBE write reg=0x0714 value=0x00000000 count=1
R350_PROBE write reg=0x0704 value=0x08000000 count=3
R350_PROBE read reg=0x0e40 value=0x00000040 count=2048
R350_PROBE read reg=0x1720 value=0x00000000 count=2048
R350_PROBE read reg=0x0500 value=0x0000b0c5 count=1
R350_PROBE read reg=0x0514 value=0x00000800 count=1
R350_PROBE read reg=0x0502 value=0x00000400 count=2
R350_PROBE read reg=0x0504 value=0x00000300 count=1
R350_PROBE read reg=0x0506 value=0x00000020 count=2
R350_PROBE write reg=0x0508 value=0x00000000 count=1
R350_PROBE write reg=0x0506 value=0x00000020 count=1
R350_PROBE write reg=0x0502 value=0x00000400 count=1
R350_PROBE write reg=0x0504 value=0x00000300 count=2
R350_PROBE write reg=0x050a value=0x00000000 count=2
R350_PROBE write reg=0x050c value=0x00000400 count=1
R350_PROBE write reg=0x050e value=0x00000600 count=2
R350_PROBE write reg=0x0510 value=0x00000000 count=1
R350_PROBE write reg=0x0512 value=0x00000000 count=2
R350_PROBE write reg=0x0508 value=0x00000061 count=3
R350_PROBE write reg=0x0740 value=0x00000000 count=1
R350_PROBE write reg=0x0744 value=0x00000000 count=2
R350_PROBE write reg=0x0170 value=0x00000000 count=1
R350_PROBE write reg=0x015c value=0x00000000 count=1
R350_PROBE write reg=0x0148 value=0xffff0000 count=1
R350_PROBE read reg=0x00f8 value=0x07c00000 count=1
R350_PROBE write reg=0x023c value=0x00000000 count=1
R350_PROBE write reg=0x033c value=0x00000000 count=1
R350_PROBE write reg=0x0148 value=0x07bf0000 count=2
R350_PROBE read reg=0x00f8 value=0x07c00000 count=2
R350_PROBE write reg=0x014c value=0x17ff1000 count=1
R350_PROBE write reg=0x0ab0 value=0x03363000 count=1
R350_PROBE write reg=0x0ab4 value=0x00000000 count=1
R350_PROBE write reg=0x01dc value=0x07c00000 count=1
R350_PROBE write reg=0x01e0 value=0x0fbfffff count=1
R350_PROBE read reg=0x01d0 value=0x00000000 count=1
R350_PROBE write reg=0x01d0 value=0x00000001 count=1
R350_PROBE write reg=0x0700 value=0x10020000 count=1
R350_PROBE write reg=0x15e0 value=0x00000000 count=1
R350_PROBE write reg=0x15e4 value=0x00000000 count=1
R350_PROBE write reg=0x15e8 value=0x00000000 count=1
R350_PROBE write reg=0x15ec value=0x00000000 count=1
R350_PROBE write reg=0x15f0 value=0x00000000 count=1
R350_PROBE write reg=0x15f4 value=0x00000000 count=1
R350_PROBE write reg=0x15f8 value=0x00000000 count=1
R350_PROBE write reg=0x15fc value=0x00000000 count=1
R350_PROBE write reg=0x1fa8 value=0x00000000 count=1
R350_PROBE write reg=0x0774 value=0x07c24000 count=1
R350_PROBE write reg=0x0770 value=0x000000ff count=2
R350_PROBE read reg=0x0b00 value=0x00000000 count=1
R350_PROBE write reg=0x0b00 value=0x00000000 count=1
R350_PROBE read reg=0x0030 value=0x00000000 count=1
R350_PROBE write reg=0x0030 value=0x00000000 count=1
R350_PROBE read reg=0x1724 value=0x00000000 count=1
R350_PROBE write reg=0x1724 value=0x00000003 count=1
R350_PROBE read reg=0x1710 value=0x00000000 count=1
R350_PROBE write reg=0x1710 value=0x00020000 count=1
R350_PROBE read reg=0x0704 value=0x08000000 count=3
R350_PROBE read reg=0x0f5c value=0x1f000203 count=1
R350_PROBE write reg=0x0704 value=0x0002000a count=4
R350_PROBE write reg=0x07d4 value=0x00000000 count=1
R350_PROBE write reg=0x07dc value=0x00000000 count=1
R350_PROBE write reg=0x07e0 value=0x4200e000 count=1
R350_PROBE write reg=0x07dc value=0x00000000 count=2
R350_PROBE write reg=0x07e0 value=0x4000e000 count=2
R350_PROBE write reg=0x07dc value=0x00000008 count=3
R350_PROBE write reg=0x07e0 value=0x000000b3 count=3
R350_PROBE write reg=0x07dc value=0x00000008 count=4
R350_PROBE write reg=0x07e0 value=0x000000b7 count=4
R350_PROBE write reg=0x07dc value=0x00000000 count=5
R350_PROBE write reg=0x07e0 value=0x6c5a504f count=5
R350_PROBE write reg=0x07dc value=0x00000000 count=6
R350_PROBE write reg=0x07e0 value=0x4f4f497a count=6
R350_PROBE write reg=0x07dc value=0x00000000 count=7
R350_PROBE write reg=0x07e0 value=0x5a578288 count=7
R350_PROBE write reg=0x07dc value=0x00000000 count=8
R350_PROBE write reg=0x07e0 value=0x4f91906a count=8
R350_PROBE write reg=0x07dc value=0x00000004 count=16
R350_PROBE write reg=0x07e0 value=0x000ca000 count=16
R350_PROBE write reg=0x07dc value=0x00000004 count=32
R350_PROBE write reg=0x07e0 value=0x0000e825 count=32
R350_PROBE write reg=0x07dc value=0x00000004 count=64
R350_PROBE write reg=0x07e0 value=0x08004800 count=64
R350_PROBE write reg=0x07dc value=0x00000018 count=128
R350_PROBE write reg=0x07e0 value=0x0000007c count=128
R350_PROBE write reg=0x07dc value=0x00000000 count=256
R350_PROBE write reg=0x07e0 value=0x00000000 count=256
R350_PROBE write reg=0x0718 value=0x00000023 count=1
R350_PROBE read reg=0x0710 value=0x00000000 count=1
R350_PROBE write reg=0x0714 value=0x00000000 count=2
R350_PROBE write reg=0x070c value=0x07c00000 count=1
R350_PROBE write reg=0x0740 value=0x40000000 count=2
R350_PROBE write reg=0x0704 value=0x0002000a count=5
R350_PROBE read reg=0x00f8 value=0x07c00000 count=3
R350_PROBE read reg=0x0224 value=0x00000000 count=1
R350_PROBE read reg=0x16c4 value=0x00000000 count=1
R350_PROBE read reg=0x0050 value=0x03000600 count=1
R350_PROBE write reg=0x15d4 value=0x00000002 count=1
R350_PROBE write reg=0x15d0 value=0x00000002 count=1
R350_PROBE write reg=0x16c4 value=0x00000006 count=1
R350_PROBE read reg=0x0228 value=0x00000000 count=1
R350_PROBE write reg=0x0b00 value=0x00200001 count=2
R350_PROBE write reg=0x16e0 value=0x50000000 count=1
R350_PROBE read reg=0x0228 value=0x00000000 count=2
R350_PROBE read reg=0x0328 value=0x00000000 count=1
R350_PROBE write reg=0x15e0 value=0x00000000 count=2
R350_PROBE write reg=0x15e4 value=0x00000001 count=2
R350_PROBE write reg=0x16e8 value=0x1fff1fff count=1
R350_PROBE write reg=0x16cc value=0xffffffff count=1
R350_PROBE write reg=0x2284 value=0x00000000 count=1
R350_PROBE write reg=0x2080 value=0x00240455 count=1
R350_PROBE write reg=0x43b0 value=0x00000000 count=1
R350_PROBE write reg=0x43b4 value=0x03ffffff count=1
R350_PROBE write reg=0x43b8 value=0x00000000 count=1
R350_PROBE write reg=0x43bc value=0x03ffffff count=1
R350_PROBE write reg=0x43c0 value=0x00000000 count=1
R350_PROBE write reg=0x43c4 value=0x03ffffff count=1
R350_PROBE write reg=0x43c8 value=0x00000000 count=1
R350_PROBE write reg=0x43cc value=0x03ffffff count=1
R350_PROBE write reg=0x43d0 value=0x0000ffff count=1
R350_PROBE write reg=0x0714 value=0x00000008 count=3
R350_PROBE write reg=0x0738 value=0x10000020 count=1
R350_PROBE write reg=0x073c value=0x00000008 count=1
R350_PROBE write reg=0x0738 value=0x10002020 count=2
R350_PROBE write reg=0x073c value=0x00000008 count=2
R350_PROBE write reg=0x0714 value=0x00000010 count=4
R350_PROBE write reg=0x0738 value=0x10004020 count=3
R350_PROBE write reg=0x073c value=0x00000008 count=3
R350_PROBE write reg=0x0738 value=0x10006020 count=4
R350_PROBE write reg=0x073c value=0x00000008 count=4
R350_PROBE write reg=0x0714 value=0x00000018 count=5
R350_PROBE write reg=0x0738 value=0x10008020 count=5
R350_PROBE write reg=0x073c value=0x00000008 count=5
R350_PROBE write reg=0x0738 value=0x1000a020 count=6
R350_PROBE write reg=0x073c value=0x00000008 count=6
R350_PROBE write reg=0x0714 value=0x00000020 count=6
R350_PROBE write reg=0x0738 value=0x1000c020 count=7
R350_PROBE write reg=0x073c value=0x00000008 count=7
R350_PROBE write reg=0x0738 value=0x1000e020 count=8
R350_PROBE write reg=0x073c value=0x00000008 count=8
R350_PROBE write reg=0x0714 value=0x00000028 count=7
R350_PROBE write reg=0x0714 value=0x00000030 count=8
R350_PROBE write reg=0x0738 value=0x1001e020 count=16
R350_PROBE write reg=0x073c value=0x00000008 count=16
R350_PROBE write reg=0x0714 value=0x00000070 count=16
R350_PROBE write reg=0x0738 value=0x1001e020 count=32
R350_PROBE write reg=0x073c value=0x00000008 count=32
R350_PROBE write reg=0x4e4c value=0x0000000a count=2
R350_PROBE write reg=0x342c value=0x00000005 count=1
R350_PROBE write reg=0x4f18 value=0x00000003 count=1
R350_PROBE write reg=0x1720 value=0x00070000 count=1
R350_PROBE write reg=0x4018 value=0x00000017 count=3
R350_PROBE write reg=0x4020 value=0x00000000 count=1
R350_PROBE write reg=0x4e00 value=0x00000000 count=1
R350_PROBE write reg=0x4f1c value=0x00000000 count=1
R350_PROBE write reg=0x43a4 value=0x00000000 count=1
R350_PROBE write reg=0x16ec value=0x00000000 count=1
R350_PROBE write reg=0x16f0 value=0x03000400 count=1
R350_PROBE write reg=0x4010 value=0x66666666 count=1
R350_PROBE write reg=0x4014 value=0x06666666 count=1
R350_PROBE write reg=0x16e0 value=0x10000000 count=2
R350_PROBE write reg=0x4e28 value=0x00000000 count=1
R350_PROBE write reg=0x4e38 value=0x00d00400 count=1
R350_PROBE write reg=0x3428 value=0x00020100 count=1
R350_PROBE write reg=0x43e0 value=0x00b405a0 count=1
R350_PROBE write reg=0x43e4 value=0x011409a0 count=1
R350_PROBE write reg=0x15e0 value=0x00000001 count=3
R350_PROBE write reg=0x15e0 value=0x00000002 count=4
R350_PROBE read reg=0x0210 value=0x02820000 count=1
R350_PROBE read reg=0x0210 value=0x01170000 count=2
GPU MODE: 1024x768 bpp=32 stride=4096 offset=0x0 pitch_reg=0x80 crtc_gen=0x3000600
[STRIDE_CHANGE] update_display_mode: 0 -> 4096 (override=no val=0)
qemu-system-ppc: terminating on signal 15 from pid 64866 (<unknown process>)
